WARNING:transformers_modules.microsoft.Phi_hyphen_3_dot_5_hyphen_mini_hyphen_instruct.2fe192450127e6a83f7441aef6e3ca586c338b77.modeling_phi3:`flash-attention` package not found, consider installing for better performance: No module named 'flash_attn'.
WARNING:transformers_modules.microsoft.Phi_hyphen_3_dot_5_hyphen_mini_hyphen_instruct.2fe192450127e6a83f7441aef6e3ca586c338b77.modeling_phi3:Current `flash-attention` does not support `window_size`. Either upgrade or use `attn_implementation='eager'`.
Loading checkpoint shards:   0%|          | 0/2 [00:00<?, ?it/s]Loading checkpoint shards:  50%|█████     | 1/2 [00:06<00:06,  6.87s/it]Loading checkpoint shards: 100%|██████████| 2/2 [00:10<00:00,  4.91s/it]Loading checkpoint shards: 100%|██████████| 2/2 [00:10<00:00,  5.20s/it]
Traceback (most recent call last):
  File "/kaggle/working/mini-paper-codes/experiments/run_panel.py", line 302, in <module>
    main()
  File "/kaggle/working/mini-paper-codes/experiments/run_panel.py", line 292, in main
    result = run_condition(model_name, precision, dataset_spec, config, args.output_dir)
             ^^^^^^^^^^^^^^^^^^^^^^^^^^^^^^^^^^^^^^^^^^^^^^^^^^^^^^^^^^^^^^^^^^^^^^^^^^^
  File "/kaggle/working/mini-paper-codes/experiments/run_panel.py", line 235, in run_condition
    text = generate_one(tokenizer, model, example["prompt"], seed, generation_config)
           ^^^^^^^^^^^^^^^^^^^^^^^^^^^^^^^^^^^^^^^^^^^^^^^^^^^^^^^^^^^^^^^^^^^^^^^^^^
  File "/kaggle/working/mini-paper-codes/experiments/run_panel.py", line 159, in generate_one
    output = model.generate(
             ^^^^^^^^^^^^^^^
  File "/usr/local/lib/python3.12/dist-packages/torch/utils/_contextlib.py", line 124, in decorate_context
    return func(*args, **kwargs)
           ^^^^^^^^^^^^^^^^^^^^^
  File "/usr/local/lib/python3.12/dist-packages/transformers/generation/utils.py", line 2566, in generate
    result = decoding_method(
             ^^^^^^^^^^^^^^^^
  File "/usr/local/lib/python3.12/dist-packages/transformers/generation/utils.py", line 2786, in _sample
    outputs = self(**model_inputs, return_dict=True)
              ^^^^^^^^^^^^^^^^^^^^^^^^^^^^^^^^^^^^^^
  File "/usr/local/lib/python3.12/dist-packages/torch/nn/modules/module.py", line 1776, in _wrapped_call_impl
    return self._call_impl(*args, **kwargs)
           ^^^^^^^^^^^^^^^^^^^^^^^^^^^^^^^^
  File "/usr/local/lib/python3.12/dist-packages/torch/nn/modules/module.py", line 1787, in _call_impl
    return forward_call(*args, **kwargs)
           ^^^^^^^^^^^^^^^^^^^^^^^^^^^^^
  File "/root/.cache/huggingface/modules/transformers_modules/microsoft/Phi_hyphen_3_dot_5_hyphen_mini_hyphen_instruct/2fe192450127e6a83f7441aef6e3ca586c338b77/modeling_phi3.py", line 1243, in forward
    outputs = self.model(
              ^^^^^^^^^^^
  File "/usr/local/lib/python3.12/dist-packages/torch/nn/modules/module.py", line 1776, in _wrapped_call_impl
    return self._call_impl(*args, **kwargs)
           ^^^^^^^^^^^^^^^^^^^^^^^^^^^^^^^^
  File "/usr/local/lib/python3.12/dist-packages/torch/nn/modules/module.py", line 1787, in _call_impl
    return forward_call(*args, **kwargs)
           ^^^^^^^^^^^^^^^^^^^^^^^^^^^^^
  File "/root/.cache/huggingface/modules/transformers_modules/microsoft/Phi_hyphen_3_dot_5_hyphen_mini_hyphen_instruct/2fe192450127e6a83f7441aef6e3ca586c338b77/modeling_phi3.py", line 1063, in forward
    past_key_values_length = past_key_values.get_usable_length(seq_length)
                             ^^^^^^^^^^^^^^^^^^^^^^^^^^^^^^^^^
AttributeError: 'DynamicCache' object has no attribute 'get_usable_length'. Did you mean: 'get_max_length'?
GPU shard failure(s): [1]
