Generating train split:   0%|          | 0/7473 [00:00<?, ? examples/s]Generating train split: 100%|██████████| 7473/7473 [00:00<00:00, 114561.53 examples/s]
Generating test split:   0%|          | 0/1319 [00:00<?, ? examples/s]Generating test split: 100%|██████████| 1319/1319 [00:00<00:00, 264399.11 examples/s]
A new version of the following files was downloaded from https://huggingface.co/microsoft/Phi-3.5-mini-instruct:
- configuration_phi3.py
. Make sure to double-check they do not contain any added malicious code. To avoid downloading new versions of the code file, you can pin a revision.
A new version of the following files was downloaded from https://huggingface.co/microsoft/Phi-3.5-mini-instruct:
- modeling_phi3.py
. Make sure to double-check they do not contain any added malicious code. To avoid downloading new versions of the code file, you can pin a revision.
WARNING:transformers_modules.microsoft.Phi_hyphen_3_dot_5_hyphen_mini_hyphen_instruct.2fe192450127e6a83f7441aef6e3ca586c338b77.modeling_phi3:`flash-attention` package not found, consider installing for better performance: No module named 'flash_attn'.
WARNING:transformers_modules.microsoft.Phi_hyphen_3_dot_5_hyphen_mini_hyphen_instruct.2fe192450127e6a83f7441aef6e3ca586c338b77.modeling_phi3:Current `flash-attention` does not support `window_size`. Either upgrade or use `attn_implementation='eager'`.
Fetching 2 files:   0%|          | 0/2 [00:00<?, ?it/s]Fetching 2 files:  50%|█████     | 1/2 [00:28<00:28, 28.19s/it]Fetching 2 files: 100%|██████████| 2/2 [00:28<00:00, 14.10s/it]
Loading checkpoint shards:   0%|          | 0/2 [00:00<?, ?it/s]Loading checkpoint shards:  50%|█████     | 1/2 [00:07<00:07,  7.02s/it]Loading checkpoint shards: 100%|██████████| 2/2 [00:10<00:00,  4.90s/it]Loading checkpoint shards: 100%|██████████| 2/2 [00:10<00:00,  5.22s/it]
Traceback (most recent call last):
  File "/kaggle/working/mini-paper-codes/experiments/run_panel.py", line 298, in <module>
    main()
  File "/kaggle/working/mini-paper-codes/experiments/run_panel.py", line 288, in main
    result = run_condition(model_name, precision, dataset_spec, config, args.output_dir)
             ^^^^^^^^^^^^^^^^^^^^^^^^^^^^^^^^^^^^^^^^^^^^^^^^^^^^^^^^^^^^^^^^^^^^^^^^^^^
  File "/kaggle/working/mini-paper-codes/experiments/run_panel.py", line 231, in run_condition
    text = generate_one(tokenizer, model, example["prompt"], seed, generation_config)
           ^^^^^^^^^^^^^^^^^^^^^^^^^^^^^^^^^^^^^^^^^^^^^^^^^^^^^^^^^^^^^^^^^^^^^^^^^^
  File "/kaggle/working/mini-paper-codes/experiments/run_panel.py", line 155, in generate_one
    output = model.generate(
             ^^^^^^^^^^^^^^^
  File "/usr/local/lib/python3.12/dist-packages/torch/utils/_contextlib.py", line 124, in decorate_context
    return func(*args, **kwargs)
           ^^^^^^^^^^^^^^^^^^^^^
  File "/usr/local/lib/python3.12/dist-packages/transformers/generation/utils.py", line 2566, in generate
    result = decoding_method(
             ^^^^^^^^^^^^^^^^
  File "/usr/local/lib/python3.12/dist-packages/transformers/generation/utils.py", line 2783, in _sample
    model_inputs = self.prepare_inputs_for_generation(input_ids, **model_kwargs)
                   ^^^^^^^^^^^^^^^^^^^^^^^^^^^^^^^^^^^^^^^^^^^^^^^^^^^^^^^^^^^^^
  File "/root/.cache/huggingface/modules/transformers_modules/microsoft/Phi_hyphen_3_dot_5_hyphen_mini_hyphen_instruct/2fe192450127e6a83f7441aef6e3ca586c338b77/modeling_phi3.py", line 1299, in prepare_inputs_for_generation
    max_cache_length = past_key_values.get_max_length()
                       ^^^^^^^^^^^^^^^^^^^^^^^^^^^^^^
AttributeError: 'DynamicCache' object has no attribute 'get_max_length'. Did you mean: 'get_seq_length'?
GPU shard failure(s): [1]
